// Jest Snapshot v1, https://goo.gl/fbAQLP

exports[`TextForm renders properly on screen 1`] = `
ShallowWrapper {
  "length": 1,
  Symbol(enzyme.__root__): [Circular],
  Symbol(enzyme.__unrendered__): <TextForm
    fields={
        Object {
            "message": Object {
              "error": null,
              "touched": false,
              "value": "",
            },
          }
    }
    handleSubmit={[Function]}
    postTexts={[Function]}
    values={
        Object {
            "message": "",
          }
    }
/>,
  Symbol(enzyme.__renderer__): Object {
    "batchedUpdates": [Function],
    "getNode": [Function],
    "render": [Function],
    "simulateEvent": [Function],
    "unmount": [Function],
  },
  Symbol(enzyme.__node__): Object {
    "instance": null,
    "key": undefined,
    "nodeType": "host",
    "props": Object {
      "children": Array [
        <FormGroup
          bsClass="form-group"
>
          <Field
                    component={[Function]}
                    name="message"
          />
</FormGroup>,
        <Button
          active={false}
          block={false}
          bsClass="btn"
          bsStyle="primary"
          disabled={false}
          style={
                    Object {
                              "width": "100%",
                            }
          }
          type="submit"
>
          Send Message
</Button>,
      ],
      "onSubmit": [Function],
      "style": Object {
        "display": "flex",
        "flexDirection": "column",
        "justifyContent": "space-around",
        "minHeight": "30vh",
        "width": "25rem",
      },
    },
    "ref": null,
    "rendered": Array [
      Object {
        "instance": null,
        "key": undefined,
        "nodeType": "class",
        "props": Object {
          "bsClass": "form-group",
          "children": <Field
            component={[Function]}
            name="message"
/>,
        },
        "ref": null,
        "rendered": Object {
          "instance": null,
          "key": undefined,
          "nodeType": "class",
          "props": Object {
            "component": [Function],
            "name": "message",
          },
          "ref": null,
          "rendered": null,
          "type": [Function],
        },
        "type": [Function],
      },
      Object {
        "instance": null,
        "key": undefined,
        "nodeType": "class",
        "props": Object {
          "active": false,
          "block": false,
          "bsClass": "btn",
          "bsStyle": "primary",
          "children": "Send Message",
          "disabled": false,
          "style": Object {
            "width": "100%",
          },
          "type": "submit",
        },
        "ref": null,
        "rendered": "Send Message",
        "type": [Function],
      },
    ],
    "type": "form",
  },
  Symbol(enzyme.__nodes__): Array [
    Object {
      "instance": null,
      "key": undefined,
      "nodeType": "host",
      "props": Object {
        "children": Array [
          <FormGroup
            bsClass="form-group"
>
            <Field
                        component={[Function]}
                        name="message"
            />
</FormGroup>,
          <Button
            active={false}
            block={false}
            bsClass="btn"
            bsStyle="primary"
            disabled={false}
            style={
                        Object {
                                    "width": "100%",
                                  }
            }
            type="submit"
>
            Send Message
</Button>,
        ],
        "onSubmit": [Function],
        "style": Object {
          "display": "flex",
          "flexDirection": "column",
          "justifyContent": "space-around",
          "minHeight": "30vh",
          "width": "25rem",
        },
      },
      "ref": null,
      "rendered": Array [
        Object {
          "instance": null,
          "key": undefined,
          "nodeType": "class",
          "props": Object {
            "bsClass": "form-group",
            "children": <Field
              component={[Function]}
              name="message"
/>,
          },
          "ref": null,
          "rendered": Object {
            "instance": null,
            "key": undefined,
            "nodeType": "class",
            "props": Object {
              "component": [Function],
              "name": "message",
            },
            "ref": null,
            "rendered": null,
            "type": [Function],
          },
          "type": [Function],
        },
        Object {
          "instance": null,
          "key": undefined,
          "nodeType": "class",
          "props": Object {
            "active": false,
            "block": false,
            "bsClass": "btn",
            "bsStyle": "primary",
            "children": "Send Message",
            "disabled": false,
            "style": Object {
              "width": "100%",
            },
            "type": "submit",
          },
          "ref": null,
          "rendered": "Send Message",
          "type": [Function],
        },
      ],
      "type": "form",
    },
  ],
  Symbol(enzyme.__options__): Object {
    "adapter": ReactSixteenAdapter {
      "options": Object {
        "enableComponentDidUpdateOnSetState": true,
      },
    },
    "disableLifecycleMethods": true,
  },
}
`;
