// Jest Snapshot v1, https://goo.gl/fbAQLP

exports[`TXAlert renders TXAlert correctly 1`] = `
ShallowWrapper {
  "length": 1,
  Symbol(enzyme.__root__): [Circular],
  Symbol(enzyme.__unrendered__): <TXAlert />,
  Symbol(enzyme.__renderer__): Object {
    "batchedUpdates": [Function],
    "getNode": [Function],
    "render": [Function],
    "simulateEvent": [Function],
    "unmount": [Function],
  },
  Symbol(enzyme.__node__): Object {
    "instance": null,
    "key": undefined,
    "nodeType": "class",
    "props": Object {
      "bsClass": "alert",
      "bsStyle": "success",
      "children": Array [
        <strong>
          Response From Server:
</strong>,
        <p />,
      ],
      "closeLabel": "Close alert",
      "style": Object {
        "marginTop": "2rem",
        "width": "25rem",
      },
    },
    "ref": null,
    "rendered": Array [
      Object {
        "instance": null,
        "key": undefined,
        "nodeType": "host",
        "props": Object {
          "children": "Response From Server:",
        },
        "ref": null,
        "rendered": "Response From Server:",
        "type": "strong",
      },
      Object {
        "instance": null,
        "key": undefined,
        "nodeType": "host",
        "props": Object {
          "children": undefined,
        },
        "ref": null,
        "rendered": null,
        "type": "p",
      },
    ],
    "type": [Function],
  },
  Symbol(enzyme.__nodes__): Array [
    Object {
      "instance": null,
      "key": undefined,
      "nodeType": "class",
      "props": Object {
        "bsClass": "alert",
        "bsStyle": "success",
        "children": Array [
          <strong>
            Response From Server:
</strong>,
          <p />,
        ],
        "closeLabel": "Close alert",
        "style": Object {
          "marginTop": "2rem",
          "width": "25rem",
        },
      },
      "ref": null,
      "rendered": Array [
        Object {
          "instance": null,
          "key": undefined,
          "nodeType": "host",
          "props": Object {
            "children": "Response From Server:",
          },
          "ref": null,
          "rendered": "Response From Server:",
          "type": "strong",
        },
        Object {
          "instance": null,
          "key": undefined,
          "nodeType": "host",
          "props": Object {
            "children": undefined,
          },
          "ref": null,
          "rendered": null,
          "type": "p",
        },
      ],
      "type": [Function],
    },
  ],
  Symbol(enzyme.__options__): Object {
    "adapter": ReactSixteenAdapter {
      "options": Object {
        "enableComponentDidUpdateOnSetState": true,
      },
    },
    "disableLifecycleMethods": true,
  },
}
`;
